// Jest Snapshot v1, https://goo.gl/fbAQLP

exports[`Button соотвествует снепшоту 1`] = `
<button
  className="sc-bcPKhP jYRdSL"
  data-testid="button-test-id"
  disabled={false}
  onClick={[MockFunction]}
>
  <span
    className="sc-grXZZQ huinXV"
  >
    Click me
  </span>
</button>
`;
