// Jest Snapshot v1, https://goo.gl/fbAQLP

exports[`SCThemeProvider соотвествует снепшоту 1`] = `
<div>
  Test Child
</div>
`;
